Downloading https://services.gradle.org/distributions/gradle-8.13-all.zip
